I'm sorry, but errors were detected in your script. Please correct the
errors listed below, and try again.


File "game/script.rpy", line 589: reached end of line when expecting ':'.
    if persistent.choice != "game1_6" or persistent.choice != "game4"
                                                                     ^

Ren'Py Version: Ren'Py 8.3.3.24091901+nightly
Mon Nov 18 06:34:56 2024
